- Pascal-FC for IBM PC compatibles - 
- Compiler Version jc-0.9.40

G L Davies  &  A Burns, University of Bradford
J C Coppens, Universidad Católica de Córdoba

Compiler listing

    1     0 program deadlock;
    2     0 
    3     0 const limit=4;
    4     0 var
    5     0     item: integer;
    6     0     a,b,c: semaphore;
    7     0 
    8     0 process type procesoUno(i : integer);
    9     0 begin
   10     0     write('Proceso Uno numero: ',i);
   11     4     wait(a);
   12     6     item:=item+1;
   13    11     sleep(10);
   14    13     signal(a);  
   15    15 end;
   16    16 
   17    16 process type procesoDos(i : integer);
   18    16 begin
   19    16     write('Proceso Dos numero: ',i);
   20    20     signal(a);
   21    22     sleep(10);
   22    24     item:=item-1;
   23    29     wait(a);
   24    31     
   25    31 end;
   26    32 
   27    32 var
   28    32     x,i : integer;
   29    32     proc: array [1..10] of procesoUno;
   30    32     proc2: array [1..10] of procesoDos;
   31    32 
   32    32 begin
   33    32     Randomize;
   34    33     x:=Random(200);
   35    37     item:=0;
   36    40     writeln('Comienzan procesos: ');
   37    43     sleep(x);
   38    45     cobegin;
   39    46         for i := 1 to 10 do
   40    50         begin
   41    50             proc[i](i);
   42    57             proc2[i](i);
   43    64         end;        
   44    65     coend;
   45    66     writeln('Finalizan procesos');
   46    69 end.


Symbol table

     link   object      type          ref  normal  lvl  adr  aux  name

 56    55   procedure   notyp           2    TRUE    0   32    0  _main
 57     0   variable    synch           0    TRUE    1    5    0  any
 58    57   constant    integer         0   FALSE    1    4    0  limit
 59    58   variable    integer         0    TRUE    1    5    0  item
 60    59   variable    semaphore       0    TRUE    1    6    0  a
 61    60   variable    semaphore       0    TRUE    1    7    0  b
 62    61   variable    semaphore       0    TRUE    1    8    0  c
 63    62   type id     process         3    TRUE    1    0    0  procesouno
 64     0   variable    integer         0    TRUE    2    5    0  i
 65    63   type id     process         4    TRUE    1   16    0  procesodos
 66     0   variable    integer         0    TRUE    2    5    0  i
 67    65   variable    integer         0    TRUE    1    9    0  x
 68    67   variable    integer         0    TRUE    1   10    0  i
 69    68   variable    array           1    TRUE    1   11    0  proc
 70    69   variable    array           2    TRUE    1   21    0  proc2

Generated P-code

    0     ldcon.i      0        20 ; 10
    1     wrstr        0         0 ; 10
    2     ldval.i      2         5 ; 10
    3     wrval.i      0         0 ; 10
    4     ldadr        1         6 ; 11
    5     wait         0         0 ; 11
    6     ldadr        1         5 ; 11
    7     ldval.i      1         5 ; 12
    8     ldcon.i      0         1 ; 12
    9     add  .i      0         0 ; 12
   10     store.i      0         0 ; 12
   11     ldcon.i      0        10 ; 13
   12     sleap        0         0 ; 13
   13     ldadr        1         6 ; 14
   14     signl        0         0 ; 14
   15     rproc        1         0 ; 14
   16     ldcon.i      0        20 ; 19
   17     wrstr        0        20 ; 19
   18     ldval.i      2         5 ; 19
   19     wrval.i      0         0 ; 19
   20     ldadr        1         6 ; 20
   21     signl        0         0 ; 20
   22     ldcon.i      0        10 ; 21
   23     sleap        0         0 ; 21
   24     ldadr        1         5 ; 21
   25     ldval.i      1         5 ; 22
   26     ldcon.i      0         1 ; 22
   27     sub  .i      0         0 ; 22
   28     store.i      0         0 ; 22
   29     ldadr        1         6 ; 23
   30     wait         0         0 ; 23
   31     rproc        1         0 ; 23
   32     rndmiz        0         0 ; 32
   33     ldadr        1         9 ; 33
   34     ldcon.i      0       200 ; 34
   35     stfun.i      0        19 ; 34
   36     store.i      0         0 ; 34
   37     ldadr        1         5 ; 34
   38     ldcon.i      0         0 ; 35
   39     store.i      0         0 ; 35
   40     ldcon.i      0        20 ; 36
   41     wrstr        0        40 ; 36
   42     wrlin        0         0 ; 36
   43     ldval.i      1         9 ; 37
   44     sleap        0         0 ; 37
   45     cobeg        0         0 ; 37
   46     ldadr        1        10 ; 38
   47     ldcon.i      0         1 ; 39
   48     ldcon.i      0        10 ; 39
   49     for1u.i      0        65 ; 39
   50     mrkst        1        63 ; 40
   51     ldadr        1        11 ; 40
   52     ldval.i      1        10 ; 41
   53     ixary.i      0         1 ; 41
   54     procv        0         0 ; 41
   55     ldval.i      1        10 ; 41
   56     calls        1         5 ; 41
   57     mrkst        1        65 ; 41
   58     ldadr        1        21 ; 41
   59     ldval.i      1        10 ; 42
   60     ixary.i      0         2 ; 42
   61     procv        0         0 ; 42
   62     ldval.i      1        10 ; 42
   63     calls        1         5 ; 42
   64     for2u.i      0        50 ; 42
   65     coend        0         0 ; 43
   66     ldcon.i      0        18 ; 45
   67     wrstr        0        60 ; 45
   68     wrlin        0         0 ; 45
   69     stop         0         0 ; 45
