- Pascal-FC for IBM PC compatibles - 
- Compiler Version jc-0.9.40

G L Davies  &  A Burns, University of Bradford
J C Coppens, Universidad Católica de Córdoba

Compiler listing

    1     0 program smp_estacionamientos;
    2     0 
    3     0 var
    4     0     entradaOcupada,salidaOcupada,entraAuto,saleAuto: semaphore;
    5     0     espaciosDisp: integer;
    6     0     autosOperando: integer;
    7     0 
    8     0 process type entrada;
    9     0 begin
   10     0     while autosOperando<30 do 
   11     4         begin
   12     4             if autosOperando<29 then
   13     8                 begin
   14     8                     wait(entraAuto);
   15    10                     signal(entradaOcupada);
   16    12                 end;
   17    12         end;    
   18    13 end;
   19    14 
   20    14 process type salida;
   21    14 begin
   22    14     while autosOperando<30 do 
   23    18         begin
   24    18             if autosOperando<29 then
   25    22                 begin
   26    22                     wait(saleAuto);
   27    24                     signal(salidaOcupada);
   28    26                 end;
   29    26         end;
   30    27 end;
   31    28 
   32    28 process type vehiculo;
   33    28 var 
   34    28     salio: integer;
   35    28 begin
   36    28     salio:=0;
   37    31     while salio <> 1 do 
   38    35     begin
   39    35         sleep(10);
   40    37         if espaciosDisp > 0 then
   41    41         begin
   42    41             espaciosDisp:= espaciosDisp - 1;
   43    46             signal(entraAuto);
   44    48             wait(entradaOcupada);
   45    50             sleep(Random(600) + 1);
   46    55             signal(saleAuto);
   47    57             wait(salidaOcupada);
   48    59             espaciosDisp:= espaciosDisp + 1;
   49    64             salio:=1;
   50    67             autosOperando:=autosOperando + 1;
   51    72         end
   52    72         else begin
   53    73             sleep(10);
   54    75         end; 
   55    75     end;
   56    76 end;
   57    77 
   58    77 var
   59    77     garitaEntrada: array [1..2] of entrada;
   60    77     garitaSalida: array [1..2] of salida;
   61    77     conductores: array [1..30] of vehiculo;
   62    77     i:integer;
   63    77 
   64    77 begin
   65    77     Randomize;
   66    78     espaciosDisp:= 20;
   67    81     autosOperando:=0;
   68    84     initial(entraAuto,0);
   69    88     initial(saleAuto,0);
   70    92     initial(entradaOcupada,0);
   71    96     initial(salidaOcupada,0);
   72   100 
   73   100     cobegin;
   74   101         for i := 1 to 30 do
   75   105         begin
   76   105             if i < 3 then
   77   109                 begin
   78   109                     garitaEntrada[i];
   79   115                     garitaSalida[i];
   80   121                 end;
   81   121             conductores[i];
   82   127         end;    
   83   128     coend;
   84   129 end.


Symbol table

     link   object      type          ref  normal  lvl  adr  aux  name

 56    55   procedure   notyp           2    TRUE    0   77    0  _main
 57     0   variable    synch           0    TRUE    1    5    0  any
 58    57   variable    semaphore       0    TRUE    1    5    0  entradaocupada
 59    58   variable    semaphore       0    TRUE    1    6    0  salidaocupada
 60    59   variable    semaphore       0    TRUE    1    7    0  entraauto
 61    60   variable    semaphore       0    TRUE    1    8    0  saleauto
 62    61   variable    integer         0    TRUE    1    9    0  espaciosdisp
 63    62   variable    integer         0    TRUE    1   10    0  autosoperando
 64    63   type id     process         3    TRUE    1    0    0  entrada
 65    64   type id     process         4    TRUE    1   14    0  salida
 66    65   type id     process         5    TRUE    1   28    0  vehiculo
 67     0   variable    integer         0    TRUE    2    5    0  salio
 68    66   variable    array           1    TRUE    1   11    0  garitaentrada
 69    68   variable    array           2    TRUE    1   13    0  garitasalida
 70    69   variable    array           3    TRUE    1   15    0  conductores
 71    70   variable    integer         0    TRUE    1   45    0  i

Generated P-code

    0     ldval.i      1        10 ; 10
    1     ldcon.i      0        30 ; 10
    2     rellt.i      0         0 ; 10
    3     jmpiz        0        13 ; 10
    4     ldval.i      1        10 ; 12
    5     ldcon.i      0        29 ; 12
    6     rellt.i      0         0 ; 12
    7     jmpiz        0        12 ; 12
    8     ldadr        1         7 ; 14
    9     wait         0         0 ; 14
   10     ldadr        1         5 ; 15
   11     signl        0         0 ; 15
   12     jmp          0         0 ; 16
   13     rproc        1         0 ; 17
   14     ldval.i      1        10 ; 22
   15     ldcon.i      0        30 ; 22
   16     rellt.i      0         0 ; 22
   17     jmpiz        0        27 ; 22
   18     ldval.i      1        10 ; 24
   19     ldcon.i      0        29 ; 24
   20     rellt.i      0         0 ; 24
   21     jmpiz        0        26 ; 24
   22     ldadr        1         8 ; 26
   23     wait         0         0 ; 26
   24     ldadr        1         6 ; 27
   25     signl        0         0 ; 27
   26     jmp          0        14 ; 28
   27     rproc        1         0 ; 29
   28     ldadr        2         5 ; 35
   29     ldcon.i      0         0 ; 36
   30     store.i      0         0 ; 36
   31     ldval.i      2         5 ; 37
   32     ldcon.i      0         1 ; 37
   33     relne.i      0         0 ; 37
   34     jmpiz        0        76 ; 37
   35     ldcon.i      0        10 ; 39
   36     sleap        0         0 ; 39
   37     ldval.i      1         9 ; 40
   38     ldcon.i      0         0 ; 40
   39     relgt.i      0         0 ; 40
   40     jmpiz        0        73 ; 40
   41     ldadr        1         9 ; 41
   42     ldval.i      1         9 ; 42
   43     ldcon.i      0         1 ; 42
   44     sub  .i      0         0 ; 42
   45     store.i      0         0 ; 42
   46     ldadr        1         7 ; 43
   47     signl        0         0 ; 43
   48     ldadr        1         5 ; 44
   49     wait         0         0 ; 44
   50     ldcon.i      0       600 ; 45
   51     stfun.i      0        19 ; 45
   52     ldcon.i      0         1 ; 45
   53     add  .i      0         0 ; 45
   54     sleap        0         0 ; 45
   55     ldadr        1         8 ; 46
   56     signl        0         0 ; 46
   57     ldadr        1         6 ; 47
   58     wait         0         0 ; 47
   59     ldadr        1         9 ; 47
   60     ldval.i      1         9 ; 48
   61     ldcon.i      0         1 ; 48
   62     add  .i      0         0 ; 48
   63     store.i      0         0 ; 48
   64     ldadr        2         5 ; 48
   65     ldcon.i      0         1 ; 49
   66     store.i      0         0 ; 49
   67     ldadr        1        10 ; 49
   68     ldval.i      1        10 ; 50
   69     ldcon.i      0         1 ; 50
   70     add  .i      0         0 ; 50
   71     store.i      0         0 ; 50
   72     jmp          0        75 ; 51
   73     ldcon.i      0        10 ; 53
   74     sleap        0         0 ; 53
   75     jmp          0        31 ; 54
   76     rproc        1         0 ; 55
   77     rndmiz        0         0 ; 64
   78     ldadr        1         9 ; 65
   79     ldcon.i      0        20 ; 66
   80     store.i      0         0 ; 66
   81     ldadr        1        10 ; 66
   82     ldcon.i      0         0 ; 67
   83     store.i      0         0 ; 67
   84     ldadr        1         7 ; 68
   85     ldcon.i      0         0 ; 68
   86     lobnd.i      0         0 ; 68
   87     sinit        0         0 ; 68
   88     ldadr        1         8 ; 69
   89     ldcon.i      0         0 ; 69
   90     lobnd.i      0         0 ; 69
   91     sinit        0         0 ; 69
   92     ldadr        1         5 ; 70
   93     ldcon.i      0         0 ; 70
   94     lobnd.i      0         0 ; 70
   95     sinit        0         0 ; 70
   96     ldadr        1         6 ; 71
   97     ldcon.i      0         0 ; 71
   98     lobnd.i      0         0 ; 71
   99     sinit        0         0 ; 71
  100     cobeg        0         0 ; 71
  101     ldadr        1        45 ; 73
  102     ldcon.i      0         1 ; 74
  103     ldcon.i      0        30 ; 74
  104     for1u.i      0       128 ; 74
  105     ldval.i      1        45 ; 76
  106     ldcon.i      0         3 ; 76
  107     rellt.i      0         0 ; 76
  108     jmpiz        0       121 ; 76
  109     mrkst        1        64 ; 77
  110     ldadr        1        11 ; 77
  111     ldval.i      1        45 ; 78
  112     ixary.i      0         1 ; 78
  113     procv        0         0 ; 78
  114     calls        1         4 ; 78
  115     mrkst        1        65 ; 78
  116     ldadr        1        13 ; 78
  117     ldval.i      1        45 ; 79
  118     ixary.i      0         2 ; 79
  119     procv        0         0 ; 79
  120     calls        1         4 ; 79
  121     mrkst        1        66 ; 80
  122     ldadr        1        15 ; 80
  123     ldval.i      1        45 ; 81
  124     ixary.i      0         3 ; 81
  125     procv        0         0 ; 81
  126     calls        1         4 ; 81
  127     for2u.i      0       105 ; 81
  128     coend        0         0 ; 82
  129     stop         0         0 ; 83
